yay =D yay =D yay =D yay =D yay =D yay =D yay =D yay =D yay =D yay =D 
